// Jest Snapshot v1, https://goo.gl/fbAQLP

exports[`<Mentor /> with no props should match the snapshot 1`] = `"<div class=\\"details\\"><div class=\\"lac\\"><div class=\\"t1\\">MENTOR DETAILS</div><button type=\\"button\\" class=\\"buto1 btn btn-primary\\">Add Mentor</button></div><div class=\\"li\\"></div><div></div></div>"`;
